[     134ms] [LOG] [Fast Refresh] rebuilding @ http://localhost:3002/_next/static/chunks/node_modules_next_dist_f3530cac._.js:2297
[     583ms] [LOG] [Fast Refresh] done in 552ms @ http://localhost:3002/_next/static/chunks/node_modules_next_dist_f3530cac._.js:2297
[     653ms] [ERROR] Failed to load resource: net::ERR_NAME_NOT_RESOLVED @ https://clerk.example.test/npm/@clerk/clerk-js@5/dist/clerk.browser.js:0
[    1263ms] [INFO] %cDownload the React DevTools for a better development experience: https://react.dev/link/react-devtools font-weight:bold @ http://localhost:3002/_next/static/chunks/node_modules_next_dist_f3530cac._.js:2297
[    1385ms] [LOG] [HMR] connected @ http://localhost:3002/_next/static/chunks/node_modules_next_dist_f3530cac._.js:2297
[    1468ms] [ERROR] Failed to load resource: net::ERR_NAME_NOT_RESOLVED @ https://clerk.example.test/npm/@clerk/clerk-js@5/dist/clerk.browser.js:0
[    1662ms] [LOG] [Fast Refresh] rebuilding @ http://localhost:3002/_next/static/chunks/node_modules_next_dist_f3530cac._.js:2297
[    1816ms] [LOG] [Fast Refresh] done in 331ms @ http://localhost:3002/_next/static/chunks/node_modules_next_dist_f3530cac._.js:2297
[    1915ms] [ERROR] Failed to load resource: net::ERR_NAME_NOT_RESOLVED @ https://clerk.example.test/npm/@clerk/clerk-js@5/dist/clerk.browser.js:0
[    2256ms] [ERROR] Failed to load resource: net::ERR_NAME_NOT_RESOLVED @ https://clerk.example.test/npm/@clerk/clerk-js@5/dist/clerk.browser.js:0
[    3170ms] [ERROR] Failed to load resource: net::ERR_NAME_NOT_RESOLVED @ https://clerk.example.test/npm/@clerk/clerk-js@5/dist/clerk.browser.js:0
[    4661ms] [ERROR] Failed to load resource: net::ERR_NAME_NOT_RESOLVED @ https://clerk.example.test/npm/@clerk/clerk-js@5/dist/clerk.browser.js:0
[    8084ms] [ERROR] Failed to load resource: net::ERR_NAME_NOT_RESOLVED @ https://clerk.example.test/npm/@clerk/clerk-js@5/dist/clerk.browser.js:0
[    8089ms] ClerkRuntimeError: Clerk: Failed to load Clerk, failed to load script: https://clerk.example.test/npm/@clerk/clerk-js@5/dist/clerk.browser.js

(code="failed_to_load_clerk_js")


    at http://localhost:3002/_next/static/chunks/node_modules_%40clerk_shared_dist_runtime_20c36e71._.js:5495:15
[   16563ms] [ERROR] ClerkRuntimeError: Clerk: Failed to load Clerk

(code="failed_to_load_clerk_js_timeout")


    at handleTimeout (http://localhost:3002/_next/static/chunks/node_modules_%40clerk_shared_dist_runtime_20c36e71._.js:5434:50) @ http://localhost:3002/_next/static/chunks/node_modules_next_dist_f3530cac._.js:3127
[   29743ms] [LOG] [Fast Refresh] rebuilding @ http://localhost:3002/_next/static/chunks/node_modules_next_dist_f3530cac._.js:2297
[   29766ms] [LOG] [Fast Refresh] done in 129ms @ http://localhost:3002/_next/static/chunks/node_modules_next_dist_f3530cac._.js:2297
