[     178ms] [LOG] [Fast Refresh] rebuilding @ http://localhost:3002/_next/static/chunks/node_modules_next_dist_f3530cac._.js:2297
[    3675ms] [LOG] [Fast Refresh] done in 3598ms @ http://localhost:3002/_next/static/chunks/node_modules_next_dist_f3530cac._.js:2297
[    3779ms] [ERROR] Failed to load resource: net::ERR_NAME_NOT_RESOLVED @ https://clerk.example.test/npm/@clerk/clerk-js@5/dist/clerk.browser.js:0
[    3862ms] [INFO] %cDownload the React DevTools for a better development experience: https://react.dev/link/react-devtools font-weight:bold @ http://localhost:3002/_next/static/chunks/node_modules_next_dist_f3530cac._.js:2297
[    3889ms] [LOG] [HMR] connected @ http://localhost:3002/_next/static/chunks/node_modules_next_dist_f3530cac._.js:2297
[    4055ms] [ERROR] Failed to load resource: net::ERR_NAME_NOT_RESOLVED @ https://clerk.example.test/npm/@clerk/clerk-js@5/dist/clerk.browser.js:0
[    4125ms] [LOG] [Fast Refresh] rebuilding @ http://localhost:3002/_next/static/chunks/node_modules_next_dist_f3530cac._.js:2297
[    4427ms] [LOG] [Fast Refresh] done in 409ms @ http://localhost:3002/_next/static/chunks/node_modules_next_dist_f3530cac._.js:2297
[    4445ms] [ERROR] Failed to load resource: net::ERR_NAME_NOT_RESOLVED @ https://clerk.example.test/npm/@clerk/clerk-js@5/dist/clerk.browser.js:0
[    4998ms] [ERROR] Failed to load resource: net::ERR_NAME_NOT_RESOLVED @ https://clerk.example.test/npm/@clerk/clerk-js@5/dist/clerk.browser.js:0
[    5547ms] [ERROR] Failed to load resource: net::ERR_NAME_NOT_RESOLVED @ https://clerk.example.test/npm/@clerk/clerk-js@5/dist/clerk.browser.js:0
[    6809ms] [ERROR] Failed to load resource: net::ERR_NAME_NOT_RESOLVED @ https://clerk.example.test/npm/@clerk/clerk-js@5/dist/clerk.browser.js:0
[   10289ms] [ERROR] Failed to load resource: net::ERR_NAME_NOT_RESOLVED @ https://clerk.example.test/npm/@clerk/clerk-js@5/dist/clerk.browser.js:0
[   10293ms] ClerkRuntimeError: Clerk: Failed to load Clerk, failed to load script: https://clerk.example.test/npm/@clerk/clerk-js@5/dist/clerk.browser.js

(code="failed_to_load_clerk_js")


    at http://localhost:3002/_next/static/chunks/node_modules_%40clerk_shared_dist_runtime_20c36e71._.js:5495:15
[   19046ms] [ERROR] ClerkRuntimeError: Clerk: Failed to load Clerk

(code="failed_to_load_clerk_js_timeout")


    at handleTimeout (http://localhost:3002/_next/static/chunks/node_modules_%40clerk_shared_dist_runtime_20c36e71._.js:5434:50) @ http://localhost:3002/_next/static/chunks/node_modules_next_dist_f3530cac._.js:3127
[   33955ms] [LOG] [Fast Refresh] rebuilding @ http://localhost:3002/_next/static/chunks/node_modules_next_dist_f3530cac._.js:2297
[   34712ms] [LOG] [Fast Refresh] done in 858ms @ http://localhost:3002/_next/static/chunks/node_modules_next_dist_f3530cac._.js:2297
[   36290ms] [LOG] [Fast Refresh] rebuilding @ http://localhost:3002/_next/static/chunks/node_modules_next_dist_f3530cac._.js:2297
[   37343ms] [LOG] [Fast Refresh] done in 1156ms @ http://localhost:3002/_next/static/chunks/node_modules_next_dist_f3530cac._.js:2297
[   37433ms] [WARNING] [tiptap warn]: Duplicate extension names found: ['underline']. This can lead to issues. @ http://localhost:3002/_next/static/chunks/node_modules_next_dist_f3530cac._.js:2297
[   37492ms] [LOG] [Fast Refresh] rebuilding @ http://localhost:3002/_next/static/chunks/node_modules_next_dist_f3530cac._.js:2297
[   37522ms] [LOG] [Fast Refresh] done in 171ms @ http://localhost:3002/_next/static/chunks/node_modules_next_dist_f3530cac._.js:2297
[   38987ms] [LOG] [Fast Refresh] rebuilding @ http://localhost:3002/_next/static/chunks/node_modules_next_dist_f3530cac._.js:2297
[   39391ms] [LOG] [Fast Refresh] done in 509ms @ http://localhost:3002/_next/static/chunks/node_modules_next_dist_f3530cac._.js:2297
[  934340ms] [LOG] [Fast Refresh] rebuilding @ http://localhost:3002/_next/static/chunks/node_modules_next_dist_f3530cac._.js:2297
[  935061ms] [LOG] [Fast Refresh] done in 825ms @ http://localhost:3002/_next/static/chunks/node_modules_next_dist_f3530cac._.js:2297
[  952370ms] [LOG] [Fast Refresh] rebuilding @ http://localhost:3002/_next/static/chunks/node_modules_next_dist_f3530cac._.js:2297
[  952464ms] [LOG] [Fast Refresh] done in 201ms @ http://localhost:3002/_next/static/chunks/node_modules_next_dist_f3530cac._.js:2297
[  983538ms] [LOG] [Fast Refresh] rebuilding @ http://localhost:3002/_next/static/chunks/node_modules_next_dist_f3530cac._.js:2297
[  983696ms] [LOG] [Fast Refresh] done in 264ms @ http://localhost:3002/_next/static/chunks/node_modules_next_dist_f3530cac._.js:2297
[ 1059312ms] [LOG] [Fast Refresh] rebuilding @ http://localhost:3002/_next/static/chunks/node_modules_next_dist_f3530cac._.js:2297
[ 1059619ms] [LOG] [Fast Refresh] done in 419ms @ http://localhost:3002/_next/static/chunks/node_modules_next_dist_f3530cac._.js:2297
[ 1080593ms] [LOG] [Fast Refresh] rebuilding @ http://localhost:3002/_next/static/chunks/node_modules_next_dist_f3530cac._.js:2297
[ 1081178ms] [LOG] [Fast Refresh] done in 693ms @ http://localhost:3002/_next/static/chunks/node_modules_next_dist_f3530cac._.js:2297
[ 1648979ms] [LOG] [Fast Refresh] rebuilding @ http://localhost:3002/_next/static/chunks/node_modules_next_dist_f3530cac._.js:2297
[ 1649505ms] [LOG] [Fast Refresh] done in 630ms @ http://localhost:3002/_next/static/chunks/node_modules_next_dist_f3530cac._.js:2297
[ 1656053ms] [LOG] [Fast Refresh] rebuilding @ http://localhost:3002/_next/static/chunks/node_modules_next_dist_f3530cac._.js:2297
[ 1656071ms] [LOG] [Fast Refresh] done in 118ms @ http://localhost:3002/_next/static/chunks/node_modules_next_dist_f3530cac._.js:2297
[ 1659157ms] [LOG] [Fast Refresh] rebuilding @ http://localhost:3002/_next/static/chunks/node_modules_next_dist_f3530cac._.js:2297
[ 1659228ms] [LOG] [Fast Refresh] done in 179ms @ http://localhost:3002/_next/static/chunks/node_modules_next_dist_f3530cac._.js:2297
[ 1785162ms] [LOG] [Fast Refresh] rebuilding @ http://localhost:3002/_next/static/chunks/node_modules_next_dist_f3530cac._.js:2297
[ 1785271ms] [LOG] [Fast Refresh] done in 214ms @ http://localhost:3002/_next/static/chunks/node_modules_next_dist_f3530cac._.js:2297
[ 1827851ms] [LOG] [Fast Refresh] rebuilding @ http://localhost:3002/_next/static/chunks/node_modules_next_dist_f3530cac._.js:2297
[ 1828835ms] [LOG] [Fast Refresh] done in 1096ms @ http://localhost:3002/_next/static/chunks/node_modules_next_dist_f3530cac._.js:2297
[ 1830939ms] [LOG] [Fast Refresh] rebuilding @ http://localhost:3002/_next/static/chunks/node_modules_next_dist_f3530cac._.js:2297
[ 1830956ms] [LOG] [Fast Refresh] done in 122ms @ http://localhost:3002/_next/static/chunks/node_modules_next_dist_f3530cac._.js:2297
